[0.075s] DEBUG:colcon:Command line arguments: ['/usr/bin/colcon', 'build', '--symlink-install', '--packages-up-to', 'isaac_ros_h264_encoder', '--base-paths', 'src']
[0.075s] DEBUG:colcon:Parsed command line arguments: Namespace(log_base=None, log_level=None, verb_name='build', build_base='build', install_base='install', merge_install=False, symlink_install=True, test_result_base=None, continue_on_error=False, executor='parallel', parallel_workers=16, event_handlers=None, ignore_user_meta=False, metas=['./colcon.meta'], base_paths=['src'], packages_ignore=None, packages_ignore_regex=None, paths=None, packages_up_to=['isaac_ros_h264_encoder'], packages_up_to_regex=None, packages_above=None, packages_above_and_dependencies=None, packages_above_depth=None, packages_select_by_dep=None, packages_skip_by_dep=None, packages_skip_up_to=None, packages_select_build_failed=False, packages_skip_build_finished=False, packages_select_test_failures=False, packages_skip_test_passed=False, packages_select=None, packages_skip=None, packages_select_regex=None, packages_skip_regex=None, packages_start=None, packages_end=None, allow_overriding=[], cmake_args=None, cmake_target=None, cmake_target_skip_unavailable=False, cmake_clean_cache=False, cmake_clean_first=False, cmake_force_configure=False, ament_cmake_args=None, catkin_cmake_args=None, catkin_skip_building_tests=False, verb_parser=<colcon_defaults.argument_parser.defaults.DefaultArgumentsDecorator object at 0x77b8b1f95fd0>, verb_extension=<colcon_core.verb.build.BuildVerb object at 0x77b8b20ea8a0>, main=<bound method BuildVerb.main of <colcon_core.verb.build.BuildVerb object at 0x77b8b20ea8a0>>)
[0.106s] Level 1:colcon.colcon_core.package_discovery:discover_packages(colcon_meta) check parameters
[0.106s] Level 1:colcon.colcon_core.package_discovery:discover_packages(recursive) check parameters
[0.106s] Level 1:colcon.colcon_core.package_discovery:discover_packages(ignore) check parameters
[0.106s] Level 1:colcon.colcon_core.package_discovery:discover_packages(path) check parameters
[0.106s] Level 1:colcon.colcon_core.package_discovery:discover_packages(recursive) discover
[0.107s] INFO:colcon.colcon_core.package_discovery:Crawling recursively for packages in '/workspaces/isaac_ros-dev/src'
[0.107s] Level 1:colcon.colcon_core.package_identification:_identify(src) by extensions ['ignore', 'ignore_ament_install']
[0.107s] Level 1:colcon.colcon_core.package_identification:_identify(src) by extension 'ignore'
[0.107s] Level 1:colcon.colcon_core.package_identification:_identify(src) by extension 'ignore_ament_install'
[0.107s] Level 1:colcon.colcon_core.package_identification:_identify(src) by extensions ['colcon_pkg']
[0.107s] Level 1:colcon.colcon_core.package_identification:_identify(src) by extension 'colcon_pkg'
[0.107s] Level 1:colcon.colcon_core.package_identification:_identify(src) by extensions ['colcon_meta']
[0.107s] Level 1:colcon.colcon_core.package_identification:_identify(src) by extension 'colcon_meta'
[0.107s] Level 1:colcon.colcon_core.package_identification:_identify(src) by extensions ['ros']
[0.107s] Level 1:colcon.colcon_core.package_identification:_identify(src) by extension 'ros'
[0.126s] Level 1:colcon.colcon_core.package_identification:_identify(src) by extensions ['cmake', 'python']
[0.126s] Level 1:colcon.colcon_core.package_identification:_identify(src) by extension 'cmake'
[0.126s] Level 1:colcon.colcon_core.package_identification:_identify(src) by extension 'python'
[0.126s] Level 1:colcon.colcon_core.package_identification:_identify(src) by extensions ['python_setup_py']
[0.126s] Level 1:colcon.colcon_core.package_identification:_identify(src) by extension 'python_setup_py'
[0.126s] Level 1:colcon.colcon_core.package_identification:_identify(src/gxf) by extensions ['ignore', 'ignore_ament_install']
[0.126s] Level 1:colcon.colcon_core.package_identification:_identify(src/gxf) by extension 'ignore'
[0.126s] Level 1:colcon.colcon_core.package_identification:_identify(src/gxf) by extension 'ignore_ament_install'
[0.126s] Level 1:colcon.colcon_core.package_identification:_identify(src/gxf) by extensions ['colcon_pkg']
[0.126s] Level 1:colcon.colcon_core.package_identification:_identify(src/gxf) by extension 'colcon_pkg'
[0.126s] Level 1:colcon.colcon_core.package_identification:_identify(src/gxf) by extensions ['colcon_meta']
[0.126s] Level 1:colcon.colcon_core.package_identification:_identify(src/gxf) by extension 'colcon_meta'
[0.126s] Level 1:colcon.colcon_core.package_identification:_identify(src/gxf) by extensions ['ros']
[0.126s] Level 1:colcon.colcon_core.package_identification:_identify(src/gxf) by extension 'ros'
[0.126s] Level 1:colcon.colcon_core.package_identification:_identify(src/gxf) ignored
[0.126s] Level 1:colcon.colcon_core.package_identification:_identify(src/isaac_ros_h264_decoder) by extensions ['ignore', 'ignore_ament_install']
[0.126s] Level 1:colcon.colcon_core.package_identification:_identify(src/isaac_ros_h264_decoder) by extension 'ignore'
[0.126s] Level 1:colcon.colcon_core.package_identification:_identify(src/isaac_ros_h264_decoder) by extension 'ignore_ament_install'
[0.126s] Level 1:colcon.colcon_core.package_identification:_identify(src/isaac_ros_h264_decoder) by extensions ['colcon_pkg']
[0.126s] Level 1:colcon.colcon_core.package_identification:_identify(src/isaac_ros_h264_decoder) by extension 'colcon_pkg'
[0.126s] Level 1:colcon.colcon_core.package_identification:_identify(src/isaac_ros_h264_decoder) by extensions ['colcon_meta']
[0.126s] Level 1:colcon.colcon_core.package_identification:_identify(src/isaac_ros_h264_decoder) by extension 'colcon_meta'
[0.126s] Level 1:colcon.colcon_core.package_identification:_identify(src/isaac_ros_h264_decoder) by extensions ['ros']
[0.126s] Level 1:colcon.colcon_core.package_identification:_identify(src/isaac_ros_h264_decoder) by extension 'ros'
[0.131s] DEBUG:colcon.colcon_core.package_identification:Package 'src/isaac_ros_h264_decoder' with type 'ros.ament_cmake' and name 'isaac_ros_h264_decoder'
[0.131s] Level 1:colcon.colcon_core.package_identification:_identify(src/isaac_ros_h264_encoder) by extensions ['ignore', 'ignore_ament_install']
[0.131s] Level 1:colcon.colcon_core.package_identification:_identify(src/isaac_ros_h264_encoder) by extension 'ignore'
[0.131s] Level 1:colcon.colcon_core.package_identification:_identify(src/isaac_ros_h264_encoder) by extension 'ignore_ament_install'
[0.132s] Level 1:colcon.colcon_core.package_identification:_identify(src/isaac_ros_h264_encoder) by extensions ['colcon_pkg']
[0.132s] Level 1:colcon.colcon_core.package_identification:_identify(src/isaac_ros_h264_encoder) by extension 'colcon_pkg'
[0.132s] Level 1:colcon.colcon_core.package_identification:_identify(src/isaac_ros_h264_encoder) by extensions ['colcon_meta']
[0.132s] Level 1:colcon.colcon_core.package_identification:_identify(src/isaac_ros_h264_encoder) by extension 'colcon_meta'
[0.132s] Level 1:colcon.colcon_core.package_identification:_identify(src/isaac_ros_h264_encoder) by extensions ['ros']
[0.132s] Level 1:colcon.colcon_core.package_identification:_identify(src/isaac_ros_h264_encoder) by extension 'ros'
[0.133s] DEBUG:colcon.colcon_core.package_identification:Package 'src/isaac_ros_h264_encoder' with type 'ros.ament_cmake' and name 'isaac_ros_h264_encoder'
[0.133s] Level 1:colcon.colcon_core.package_discovery:discover_packages(recursive) using defaults
[0.147s] INFO:colcon.colcon_core.package_selection:Skipping package 'isaac_ros_h264_decoder' in 'src/isaac_ros_h264_decoder'
[0.147s] Level 1:colcon.colcon_core.package_discovery:discover_packages(prefix_path) check parameters
[0.147s] Level 1:colcon.colcon_core.package_discovery:discover_packages(prefix_path) discover
[0.148s] WARNING:colcon.colcon_ros.prefix_path.ament:The path '/workspaces/isaac_ros-dev/install/isaac_ros_test' in the environment variable AMENT_PREFIX_PATH doesn't exist
[0.148s] WARNING:colcon.colcon_ros.prefix_path.ament:The path '/workspaces/isaac_ros-dev/install/isaac_ros_h264_encoder' in the environment variable AMENT_PREFIX_PATH doesn't exist
[0.148s] WARNING:colcon.colcon_ros.prefix_path.ament:The path '/workspaces/isaac_ros-dev/install/isaac_ros_common' in the environment variable AMENT_PREFIX_PATH doesn't exist
[0.148s] WARNING:colcon.colcon_ros.prefix_path.catkin:The path '/workspaces/isaac_ros-dev/install/isaac_ros_h264_encoder' in the environment variable CMAKE_PREFIX_PATH doesn't exist
[0.148s] WARNING:colcon.colcon_ros.prefix_path.catkin:The path '/workspaces/isaac_ros-dev/install/isaac_ros_common' in the environment variable CMAKE_PREFIX_PATH doesn't exist
[0.148s] DEBUG:colcon.colcon_installed_package_information.package_discovery:Found 0 installed packages in /workspaces/isaac_ros-dev/install
[0.149s] DEBUG:colcon.colcon_installed_package_information.package_discovery:Found 2 installed packages in /opt/ros_ws/install
[0.150s] DEBUG:colcon.colcon_installed_package_information.package_discovery:Found 233 installed packages in /opt/ros/jazzy
[0.151s] Level 1:colcon.colcon_core.package_discovery:discover_packages(prefix_path) using defaults
[0.178s] Level 5:colcon.colcon_core.verb:set package 'isaac_ros_h264_encoder' build argument 'cmake_args' from command line to 'None'
[0.178s] Level 5:colcon.colcon_core.verb:set package 'isaac_ros_h264_encoder' build argument 'cmake_target' from command line to 'None'
[0.178s] Level 5:colcon.colcon_core.verb:set package 'isaac_ros_h264_encoder' build argument 'cmake_target_skip_unavailable' from command line to 'False'
[0.178s] Level 5:colcon.colcon_core.verb:set package 'isaac_ros_h264_encoder' build argument 'cmake_clean_cache' from command line to 'False'
[0.178s] Level 5:colcon.colcon_core.verb:set package 'isaac_ros_h264_encoder' build argument 'cmake_clean_first' from command line to 'False'
[0.178s] Level 5:colcon.colcon_core.verb:set package 'isaac_ros_h264_encoder' build argument 'cmake_force_configure' from command line to 'False'
[0.178s] Level 5:colcon.colcon_core.verb:set package 'isaac_ros_h264_encoder' build argument 'ament_cmake_args' from command line to 'None'
[0.178s] Level 5:colcon.colcon_core.verb:set package 'isaac_ros_h264_encoder' build argument 'catkin_cmake_args' from command line to 'None'
[0.178s] Level 5:colcon.colcon_core.verb:set package 'isaac_ros_h264_encoder' build argument 'catkin_skip_building_tests' from command line to 'False'
[0.178s] DEBUG:colcon.colcon_core.verb:Building package 'isaac_ros_h264_encoder' with the following arguments: {'ament_cmake_args': None, 'build_base': '/workspaces/isaac_ros-dev/build/isaac_ros_h264_encoder', 'catkin_cmake_args': None, 'catkin_skip_building_tests': False, 'cmake_args': None, 'cmake_clean_cache': False, 'cmake_clean_first': False, 'cmake_force_configure': False, 'cmake_target': None, 'cmake_target_skip_unavailable': False, 'install_base': '/workspaces/isaac_ros-dev/install/isaac_ros_h264_encoder', 'merge_install': False, 'path': '/workspaces/isaac_ros-dev/src/isaac_ros_h264_encoder', 'symlink_install': True, 'test_result_base': None}
[0.178s] INFO:colcon.colcon_core.executor:Executing jobs using 'parallel' executor
[0.179s] DEBUG:colcon.colcon_parallel_executor.executor.parallel:run_until_complete
[0.179s] INFO:colcon.colcon_ros.task.ament_cmake.build:Building ROS package in '/workspaces/isaac_ros-dev/src/isaac_ros_h264_encoder' with build type 'ament_cmake'
[0.179s] INFO:colcon.colcon_cmake.task.cmake.build:Building CMake package in '/workspaces/isaac_ros-dev/src/isaac_ros_h264_encoder'
[0.181s] INFO:colcon.colcon_core.plugin_system:Skipping extension 'colcon_core.shell.bat': Not used on non-Windows systems
[0.181s] INFO:colcon.colcon_core.shell:Skip shell extension 'powershell' for command environment: Not usable outside of PowerShell
[0.181s] DEBUG:colcon.colcon_core.shell:Skip shell extension 'dsv' for command environment
[0.189s] DEBUG:colcon.colcon_core.event_handler.log_command:Invoking command in '/workspaces/isaac_ros-dev/build/isaac_ros_h264_encoder': CMAKE_PREFIX_PATH=${CMAKE_PREFIX_PATH}:/workspaces/isaac_ros-dev/install/isaac_ros_test:/opt/ros/jazzy /usr/bin/cmake /workspaces/isaac_ros-dev/src/isaac_ros_h264_encoder -DAMENT_CMAKE_SYMLINK_INSTALL=1 -DCMAKE_INSTALL_PREFIX=/workspaces/isaac_ros-dev/install/isaac_ros_h264_encoder
[1.857s] DEBUG:colcon.colcon_core.event_handler.log_command:Invoked command in '/workspaces/isaac_ros-dev/build/isaac_ros_h264_encoder' returned '0': CMAKE_PREFIX_PATH=${CMAKE_PREFIX_PATH}:/workspaces/isaac_ros-dev/install/isaac_ros_test:/opt/ros/jazzy /usr/bin/cmake /workspaces/isaac_ros-dev/src/isaac_ros_h264_encoder -DAMENT_CMAKE_SYMLINK_INSTALL=1 -DCMAKE_INSTALL_PREFIX=/workspaces/isaac_ros-dev/install/isaac_ros_h264_encoder
[1.859s] DEBUG:colcon.colcon_core.event_handler.log_command:Invoking command in '/workspaces/isaac_ros-dev/build/isaac_ros_h264_encoder': CMAKE_PREFIX_PATH=${CMAKE_PREFIX_PATH}:/workspaces/isaac_ros-dev/install/isaac_ros_test:/opt/ros/jazzy /usr/bin/cmake --build /workspaces/isaac_ros-dev/build/isaac_ros_h264_encoder -- -j16 -l16
[25.033s] DEBUG:colcon.colcon_core.event_handler.log_command:Invoked command in '/workspaces/isaac_ros-dev/build/isaac_ros_h264_encoder' returned '0': CMAKE_PREFIX_PATH=${CMAKE_PREFIX_PATH}:/workspaces/isaac_ros-dev/install/isaac_ros_test:/opt/ros/jazzy /usr/bin/cmake --build /workspaces/isaac_ros-dev/build/isaac_ros_h264_encoder -- -j16 -l16
[25.041s] DEBUG:colcon.colcon_core.event_handler.log_command:Invoking command in '/workspaces/isaac_ros-dev/build/isaac_ros_h264_encoder': CMAKE_PREFIX_PATH=${CMAKE_PREFIX_PATH}:/workspaces/isaac_ros-dev/install/isaac_ros_test:/opt/ros/jazzy /usr/bin/cmake --install /workspaces/isaac_ros-dev/build/isaac_ros_h264_encoder
[25.264s] Level 1:colcon.colcon_core.environment:create_environment_scripts_only(isaac_ros_h264_encoder)
[25.264s] DEBUG:colcon.colcon_core.event_handler.log_command:Invoked command in '/workspaces/isaac_ros-dev/build/isaac_ros_h264_encoder' returned '0': CMAKE_PREFIX_PATH=${CMAKE_PREFIX_PATH}:/workspaces/isaac_ros-dev/install/isaac_ros_test:/opt/ros/jazzy /usr/bin/cmake --install /workspaces/isaac_ros-dev/build/isaac_ros_h264_encoder
[25.266s] Level 1:colcon.colcon_core.environment:checking '/workspaces/isaac_ros-dev/install/isaac_ros_h264_encoder' for CMake module files
[25.266s] Level 1:colcon.colcon_core.environment:checking '/workspaces/isaac_ros-dev/install/isaac_ros_h264_encoder' for CMake config files
[25.267s] Level 1:colcon.colcon_core.shell:create_environment_hook('isaac_ros_h264_encoder', 'cmake_prefix_path')
[25.267s] INFO:colcon.colcon_core.shell:Creating environment hook '/workspaces/isaac_ros-dev/install/isaac_ros_h264_encoder/share/isaac_ros_h264_encoder/hook/cmake_prefix_path.ps1'
[25.267s] INFO:colcon.colcon_core.shell:Creating environment descriptor '/workspaces/isaac_ros-dev/install/isaac_ros_h264_encoder/share/isaac_ros_h264_encoder/hook/cmake_prefix_path.dsv'
[25.268s] INFO:colcon.colcon_core.shell:Creating environment hook '/workspaces/isaac_ros-dev/install/isaac_ros_h264_encoder/share/isaac_ros_h264_encoder/hook/cmake_prefix_path.sh'
[25.268s] Level 1:colcon.colcon_core.environment:checking '/workspaces/isaac_ros-dev/install/isaac_ros_h264_encoder/lib'
[25.268s] Level 1:colcon.colcon_core.shell:create_environment_hook('isaac_ros_h264_encoder', 'ld_library_path_lib')
[25.268s] INFO:colcon.colcon_core.shell:Creating environment hook '/workspaces/isaac_ros-dev/install/isaac_ros_h264_encoder/share/isaac_ros_h264_encoder/hook/ld_library_path_lib.ps1'
[25.269s] INFO:colcon.colcon_core.shell:Creating environment descriptor '/workspaces/isaac_ros-dev/install/isaac_ros_h264_encoder/share/isaac_ros_h264_encoder/hook/ld_library_path_lib.dsv'
[25.269s] INFO:colcon.colcon_core.shell:Creating environment hook '/workspaces/isaac_ros-dev/install/isaac_ros_h264_encoder/share/isaac_ros_h264_encoder/hook/ld_library_path_lib.sh'
[25.269s] Level 1:colcon.colcon_core.environment:checking '/workspaces/isaac_ros-dev/install/isaac_ros_h264_encoder/bin'
[25.269s] Level 1:colcon.colcon_core.environment:checking '/workspaces/isaac_ros-dev/install/isaac_ros_h264_encoder/lib/pkgconfig/isaac_ros_h264_encoder.pc'
[25.270s] Level 1:colcon.colcon_core.environment:checking '/workspaces/isaac_ros-dev/install/isaac_ros_h264_encoder/lib/python3.12/site-packages'
[25.270s] Level 1:colcon.colcon_core.environment:checking '/workspaces/isaac_ros-dev/install/isaac_ros_h264_encoder/bin'
[25.270s] INFO:colcon.colcon_core.shell:Creating package script '/workspaces/isaac_ros-dev/install/isaac_ros_h264_encoder/share/isaac_ros_h264_encoder/package.ps1'
[25.271s] INFO:colcon.colcon_core.shell:Creating package descriptor '/workspaces/isaac_ros-dev/install/isaac_ros_h264_encoder/share/isaac_ros_h264_encoder/package.dsv'
[25.271s] INFO:colcon.colcon_core.shell:Creating package script '/workspaces/isaac_ros-dev/install/isaac_ros_h264_encoder/share/isaac_ros_h264_encoder/package.sh'
[25.272s] INFO:colcon.colcon_core.shell:Creating package script '/workspaces/isaac_ros-dev/install/isaac_ros_h264_encoder/share/isaac_ros_h264_encoder/package.bash'
[25.272s] INFO:colcon.colcon_core.shell:Creating package script '/workspaces/isaac_ros-dev/install/isaac_ros_h264_encoder/share/isaac_ros_h264_encoder/package.zsh'
[25.273s] Level 1:colcon.colcon_core.environment:create_file_with_runtime_dependencies(/workspaces/isaac_ros-dev/install/isaac_ros_h264_encoder/share/colcon-core/packages/isaac_ros_h264_encoder)
[25.273s] Level 1:colcon.colcon_core.environment:create_environment_scripts_only(isaac_ros_h264_encoder)
[25.273s] Level 1:colcon.colcon_core.environment:checking '/workspaces/isaac_ros-dev/install/isaac_ros_h264_encoder' for CMake module files
[25.274s] Level 1:colcon.colcon_core.environment:checking '/workspaces/isaac_ros-dev/install/isaac_ros_h264_encoder' for CMake config files
[25.274s] Level 1:colcon.colcon_core.shell:create_environment_hook('isaac_ros_h264_encoder', 'cmake_prefix_path')
[25.274s] INFO:colcon.colcon_core.shell:Creating environment hook '/workspaces/isaac_ros-dev/install/isaac_ros_h264_encoder/share/isaac_ros_h264_encoder/hook/cmake_prefix_path.ps1'
[25.275s] INFO:colcon.colcon_core.shell:Creating environment descriptor '/workspaces/isaac_ros-dev/install/isaac_ros_h264_encoder/share/isaac_ros_h264_encoder/hook/cmake_prefix_path.dsv'
[25.275s] INFO:colcon.colcon_core.shell:Creating environment hook '/workspaces/isaac_ros-dev/install/isaac_ros_h264_encoder/share/isaac_ros_h264_encoder/hook/cmake_prefix_path.sh'
[25.275s] Level 1:colcon.colcon_core.environment:checking '/workspaces/isaac_ros-dev/install/isaac_ros_h264_encoder/lib'
[25.275s] Level 1:colcon.colcon_core.shell:create_environment_hook('isaac_ros_h264_encoder', 'ld_library_path_lib')
[25.276s] INFO:colcon.colcon_core.shell:Creating environment hook '/workspaces/isaac_ros-dev/install/isaac_ros_h264_encoder/share/isaac_ros_h264_encoder/hook/ld_library_path_lib.ps1'
[25.276s] INFO:colcon.colcon_core.shell:Creating environment descriptor '/workspaces/isaac_ros-dev/install/isaac_ros_h264_encoder/share/isaac_ros_h264_encoder/hook/ld_library_path_lib.dsv'
[25.276s] INFO:colcon.colcon_core.shell:Creating environment hook '/workspaces/isaac_ros-dev/install/isaac_ros_h264_encoder/share/isaac_ros_h264_encoder/hook/ld_library_path_lib.sh'
[25.277s] Level 1:colcon.colcon_core.environment:checking '/workspaces/isaac_ros-dev/install/isaac_ros_h264_encoder/bin'
[25.277s] Level 1:colcon.colcon_core.environment:checking '/workspaces/isaac_ros-dev/install/isaac_ros_h264_encoder/lib/pkgconfig/isaac_ros_h264_encoder.pc'
[25.277s] Level 1:colcon.colcon_core.environment:checking '/workspaces/isaac_ros-dev/install/isaac_ros_h264_encoder/lib/python3.12/site-packages'
[25.277s] Level 1:colcon.colcon_core.environment:checking '/workspaces/isaac_ros-dev/install/isaac_ros_h264_encoder/bin'
[25.277s] INFO:colcon.colcon_core.shell:Creating package script '/workspaces/isaac_ros-dev/install/isaac_ros_h264_encoder/share/isaac_ros_h264_encoder/package.ps1'
[25.278s] INFO:colcon.colcon_core.shell:Creating package descriptor '/workspaces/isaac_ros-dev/install/isaac_ros_h264_encoder/share/isaac_ros_h264_encoder/package.dsv'
[25.278s] INFO:colcon.colcon_core.shell:Creating package script '/workspaces/isaac_ros-dev/install/isaac_ros_h264_encoder/share/isaac_ros_h264_encoder/package.sh'
[25.278s] INFO:colcon.colcon_core.shell:Creating package script '/workspaces/isaac_ros-dev/install/isaac_ros_h264_encoder/share/isaac_ros_h264_encoder/package.bash'
[25.279s] INFO:colcon.colcon_core.shell:Creating package script '/workspaces/isaac_ros-dev/install/isaac_ros_h264_encoder/share/isaac_ros_h264_encoder/package.zsh'
[25.279s] Level 1:colcon.colcon_core.environment:create_file_with_runtime_dependencies(/workspaces/isaac_ros-dev/install/isaac_ros_h264_encoder/share/colcon-core/packages/isaac_ros_h264_encoder)
[25.279s] DEBUG:colcon.colcon_parallel_executor.executor.parallel:closing loop
[25.280s] DEBUG:colcon.colcon_parallel_executor.executor.parallel:loop closed
[25.280s] DEBUG:colcon.colcon_parallel_executor.executor.parallel:run_until_complete finished with '0'
[25.280s] DEBUG:colcon.colcon_core.event_reactor:joining thread
[25.284s] INFO:colcon.colcon_core.plugin_system:Skipping extension 'colcon_notification.desktop_notification.notify_send': Could not find 'notify-send'
[25.284s] INFO:colcon.colcon_core.plugin_system:Skipping extension 'colcon_notification.desktop_notification.terminal_notifier': Not used on non-Darwin systems
[25.284s] INFO:colcon.colcon_core.plugin_system:Skipping extension 'colcon_notification.desktop_notification.win32': Not used on non-Windows systems
[25.284s] INFO:colcon.colcon_notification.desktop_notification:Sending desktop notification using 'notify2'
[25.287s] DEBUG:colcon.colcon_notification.desktop_notification.notify2:Failed to initialize notify2: org.freedesktop.DBus.Error.Spawn.ExecFailed: /usr/bin/dbus-launch terminated abnormally without any error message
[25.287s] DEBUG:colcon.colcon_core.event_reactor:joined thread
[25.288s] INFO:colcon.colcon_core.shell:Creating prefix script '/workspaces/isaac_ros-dev/install/local_setup.ps1'
[25.289s] INFO:colcon.colcon_core.shell:Creating prefix util module '/workspaces/isaac_ros-dev/install/_local_setup_util_ps1.py'
[25.290s] INFO:colcon.colcon_core.shell:Creating prefix chain script '/workspaces/isaac_ros-dev/install/setup.ps1'
[25.291s] INFO:colcon.colcon_core.shell:Creating prefix script '/workspaces/isaac_ros-dev/install/local_setup.sh'
[25.291s] INFO:colcon.colcon_core.shell:Creating prefix util module '/workspaces/isaac_ros-dev/install/_local_setup_util_sh.py'
[25.291s] INFO:colcon.colcon_core.shell:Creating prefix chain script '/workspaces/isaac_ros-dev/install/setup.sh'
[25.292s] INFO:colcon.colcon_core.shell:Creating prefix script '/workspaces/isaac_ros-dev/install/local_setup.bash'
[25.293s] INFO:colcon.colcon_core.shell:Creating prefix chain script '/workspaces/isaac_ros-dev/install/setup.bash'
[25.293s] INFO:colcon.colcon_core.shell:Creating prefix script '/workspaces/isaac_ros-dev/install/local_setup.zsh'
[25.294s] INFO:colcon.colcon_core.shell:Creating prefix chain script '/workspaces/isaac_ros-dev/install/setup.zsh'
