[0.009s] Invoking command in '/workspaces/isaac_ros-dev/build/isaac_ros_h264_encoder': CMAKE_PREFIX_PATH=${CMAKE_PREFIX_PATH}:/workspaces/isaac_ros-dev/install/isaac_ros_test:/opt/ros/jazzy /usr/bin/cmake --build /workspaces/isaac_ros-dev/build/isaac_ros_h264_encoder -- -j16 -l16
[0.053s] [  6%] Built target generate_version_info_target_isaac_ros_h264_encoder
[0.065s] [ 60%] Built target gxf_video_encoder_extension
[0.065s] [ 60%] Built target encoder_node
[0.091s] [100%] Built target gxf_video_decoder_extension
[0.100s] Invoked command in '/workspaces/isaac_ros-dev/build/isaac_ros_h264_encoder' returned '0': CMAKE_PREFIX_PATH=${CMAKE_PREFIX_PATH}:/workspaces/isaac_ros-dev/install/isaac_ros_test:/opt/ros/jazzy /usr/bin/cmake --build /workspaces/isaac_ros-dev/build/isaac_ros_h264_encoder -- -j16 -l16
[0.108s] Invoking command in '/workspaces/isaac_ros-dev/build/isaac_ros_h264_encoder': CMAKE_PREFIX_PATH=${CMAKE_PREFIX_PATH}:/workspaces/isaac_ros-dev/install/isaac_ros_test:/opt/ros/jazzy /usr/bin/cmake --install /workspaces/isaac_ros-dev/build/isaac_ros_h264_encoder
[0.115s] -- Install configuration: "Release"
[0.115s] -- Execute custom install script
[0.116s] -- Up-to-date symlink: /workspaces/isaac_ros-dev/install/isaac_ros_h264_encoder/share/isaac_ros_h264_encoder/gxf/lib/codec/libgxf_video_encoder_extension.so
[0.116s] -- Up-to-date symlink: /workspaces/isaac_ros-dev/install/isaac_ros_h264_encoder/share/isaac_ros_h264_encoder/version_info.yaml
[0.116s] -- Up-to-date symlink: /workspaces/isaac_ros-dev/install/isaac_ros_h264_encoder/include/isaac_ros_h264_encoder/encoder_node.hpp
[0.116s] -- Up-to-date symlink: /workspaces/isaac_ros-dev/install/isaac_ros_h264_encoder/share/isaac_ros_h264_encoder/environment/library_path.sh
[0.116s] -- Up-to-date symlink: /workspaces/isaac_ros-dev/install/isaac_ros_h264_encoder/share/isaac_ros_h264_encoder/environment/library_path.dsv
[0.117s] -- Up-to-date symlink: /workspaces/isaac_ros-dev/install/isaac_ros_h264_encoder/lib/libencoder_node.so
[0.117s] -- Up-to-date symlink: /workspaces/isaac_ros-dev/install/isaac_ros_h264_encoder/share/isaac_ros_h264_encoder/config/namespace_injector_rule.yaml
[0.117s] -- Up-to-date symlink: /workspaces/isaac_ros-dev/install/isaac_ros_h264_encoder/share/isaac_ros_h264_encoder/config/nitros_encoder_node.yaml
[0.117s] -- Up-to-date symlink: /workspaces/isaac_ros-dev/install/isaac_ros_h264_encoder/share/isaac_ros_h264_encoder/config/realsense.yaml
[0.117s] -- Symlinking: /workspaces/isaac_ros-dev/install/isaac_ros_h264_encoder/share/isaac_ros_h264_encoder/config/zed.yaml
[0.124s] -- Up-to-date symlink: /workspaces/isaac_ros-dev/install/isaac_ros_h264_encoder/share/isaac_ros_h264_encoder/launch/isaac_ros_encode_r2b_rosbag.launch.py
[0.125s] -- Up-to-date symlink: /workspaces/isaac_ros-dev/install/isaac_ros_h264_encoder/share/isaac_ros_h264_encoder/launch/isaac_ros_h264_encoder_core.launch.py
[0.125s] -- Symlinking: /workspaces/isaac_ros-dev/install/isaac_ros_h264_encoder/share/isaac_ros_h264_encoder/launch/isaac_ros_h264_encoder_stereo.launch.py
[0.132s] -- Up-to-date symlink: /workspaces/isaac_ros-dev/install/isaac_ros_h264_encoder/share/ament_index/resource_index/package_run_dependencies/isaac_ros_h264_encoder
[0.132s] -- Up-to-date symlink: /workspaces/isaac_ros-dev/install/isaac_ros_h264_encoder/share/ament_index/resource_index/parent_prefix_path/isaac_ros_h264_encoder
[0.132s] -- Up-to-date symlink: /workspaces/isaac_ros-dev/install/isaac_ros_h264_encoder/share/isaac_ros_h264_encoder/environment/ament_prefix_path.sh
[0.132s] -- Up-to-date symlink: /workspaces/isaac_ros-dev/install/isaac_ros_h264_encoder/share/isaac_ros_h264_encoder/environment/ament_prefix_path.dsv
[0.132s] -- Up-to-date symlink: /workspaces/isaac_ros-dev/install/isaac_ros_h264_encoder/share/isaac_ros_h264_encoder/environment/path.sh
[0.132s] -- Up-to-date symlink: /workspaces/isaac_ros-dev/install/isaac_ros_h264_encoder/share/isaac_ros_h264_encoder/environment/path.dsv
[0.132s] -- Up-to-date symlink: /workspaces/isaac_ros-dev/install/isaac_ros_h264_encoder/share/isaac_ros_h264_encoder/local_setup.bash
[0.133s] -- Up-to-date symlink: /workspaces/isaac_ros-dev/install/isaac_ros_h264_encoder/share/isaac_ros_h264_encoder/local_setup.sh
[0.133s] -- Up-to-date symlink: /workspaces/isaac_ros-dev/install/isaac_ros_h264_encoder/share/isaac_ros_h264_encoder/local_setup.zsh
[0.133s] -- Up-to-date symlink: /workspaces/isaac_ros-dev/install/isaac_ros_h264_encoder/share/isaac_ros_h264_encoder/local_setup.dsv
[0.133s] -- Symlinking: /workspaces/isaac_ros-dev/install/isaac_ros_h264_encoder/share/isaac_ros_h264_encoder/package.dsv
[0.140s] -- Up-to-date symlink: /workspaces/isaac_ros-dev/install/isaac_ros_h264_encoder/share/ament_index/resource_index/packages/isaac_ros_h264_encoder
[0.140s] -- Up-to-date symlink: /workspaces/isaac_ros-dev/install/isaac_ros_h264_encoder/share/ament_index/resource_index/rclcpp_components/isaac_ros_h264_encoder
[0.140s] -- Up-to-date symlink: /workspaces/isaac_ros-dev/install/isaac_ros_h264_encoder/share/isaac_ros_h264_encoder/cmake/ament_cmake_export_dependencies-extras.cmake
[0.140s] -- Up-to-date symlink: /workspaces/isaac_ros-dev/install/isaac_ros_h264_encoder/share/isaac_ros_h264_encoder/cmake/ament_cmake_export_include_directories-extras.cmake
[0.140s] -- Up-to-date symlink: /workspaces/isaac_ros-dev/install/isaac_ros_h264_encoder/share/isaac_ros_h264_encoder/cmake/ament_cmake_export_libraries-extras.cmake
[0.141s] -- Up-to-date symlink: /workspaces/isaac_ros-dev/install/isaac_ros_h264_encoder/share/isaac_ros_h264_encoder/cmake/isaac_ros_h264_encoderConfig.cmake
[0.141s] -- Up-to-date symlink: /workspaces/isaac_ros-dev/install/isaac_ros_h264_encoder/share/isaac_ros_h264_encoder/cmake/isaac_ros_h264_encoderConfig-version.cmake
[0.141s] -- Up-to-date symlink: /workspaces/isaac_ros-dev/install/isaac_ros_h264_encoder/share/isaac_ros_h264_encoder/package.xml
[0.143s] Invoked command in '/workspaces/isaac_ros-dev/build/isaac_ros_h264_encoder' returned '0': CMAKE_PREFIX_PATH=${CMAKE_PREFIX_PATH}:/workspaces/isaac_ros-dev/install/isaac_ros_test:/opt/ros/jazzy /usr/bin/cmake --install /workspaces/isaac_ros-dev/build/isaac_ros_h264_encoder
